Program Version,EnergyPlus, Version 26.1.0-6f2e40d102, YMD=2026.08.21 15:42,
   ** Warning ** ProcessScheduleInput: Schedule:Compact = SCH_OCC_CLASS
   **   ~~~   ** has missing day types in Through=5/31
   **   ~~~   ** Last "For" field=FOR: MONDAY TUESDAY WEDNESDAY FRIDAY
   **   ~~~   ** Missing day types= "SummerDesignDay", "WinterDesignDay", "CustomDay1", "CustomDay2"
   **   ~~~   ** Missing day types will have 0.0 as Schedule Values
   ** Warning ** ProcessScheduleInput: Schedule:Compact = SCH_OCC_CLASS
   **   ~~~   ** has missing day types in Through=12/31
   **   ~~~   ** Last "For" field=FOR: MONDAY TUESDAY WEDNESDAY FRIDAY
   **   ~~~   ** Missing day types= "SummerDesignDay", "WinterDesignDay", "CustomDay1", "CustomDay2"
   **   ~~~   ** Missing day types will have 0.0 as Schedule Values
   ** Warning ** ProcessScheduleInput: Schedule:Compact = SCH_OCC_LIBRARY
   **   ~~~   ** has missing day types in Through=5/31
   **   ~~~   ** Last "For" field=FOR: MONDAY TUESDAY WEDNESDAY FRIDAY
   **   ~~~   ** Missing day types= "SummerDesignDay", "WinterDesignDay", "CustomDay1", "CustomDay2"
   **   ~~~   ** Missing day types will have 0.0 as Schedule Values
   ** Warning ** ProcessScheduleInput: Schedule:Compact = SCH_OCC_LIBRARY
   **   ~~~   ** has missing day types in Through=12/31
   **   ~~~   ** Last "For" field=FOR: MONDAY TUESDAY WEDNESDAY FRIDAY
   **   ~~~   ** Missing day types= "SummerDesignDay", "WinterDesignDay", "CustomDay1", "CustomDay2"
   **   ~~~   ** Missing day types will have 0.0 as Schedule Values
   ** Warning ** ProcessScheduleInput: Schedule:Compact = SCH_OCC_CAFE
   **   ~~~   ** has missing day types in Through=5/31
   **   ~~~   ** Last "For" field=FOR: MONDAY TUESDAY WEDNESDAY FRIDAY
   **   ~~~   ** Missing day types= "SummerDesignDay", "WinterDesignDay", "CustomDay1", "CustomDay2"
   **   ~~~   ** Missing day types will have 0.0 as Schedule Values
   ** Warning ** ProcessScheduleInput: Schedule:Compact = SCH_OCC_CAFE
   **   ~~~   ** has missing day types in Through=12/31
   **   ~~~   ** Last "For" field=FOR: MONDAY TUESDAY WEDNESDAY FRIDAY
   **   ~~~   ** Missing day types= "SummerDesignDay", "WinterDesignDay", "CustomDay1", "CustomDay2"
   **   ~~~   ** Missing day types will have 0.0 as Schedule Values
   ** Warning ** ProcessScheduleInput: Schedule:Compact = SCH_OCC_GYM
   **   ~~~   ** has missing day types in Through=5/31
   **   ~~~   ** Last "For" field=FOR: MONDAY TUESDAY WEDNESDAY FRIDAY
   **   ~~~   ** Missing day types= "SummerDesignDay", "WinterDesignDay", "CustomDay1", "CustomDay2"
   **   ~~~   ** Missing day types will have 0.0 as Schedule Values
   ** Warning ** ProcessScheduleInput: Schedule:Compact = SCH_OCC_GYM
   **   ~~~   ** has missing day types in Through=12/31
   **   ~~~   ** Last "For" field=FOR: MONDAY TUESDAY WEDNESDAY FRIDAY
   **   ~~~   ** Missing day types= "SummerDesignDay", "WinterDesignDay", "CustomDay1", "CustomDay2"
   **   ~~~   ** Missing day types will have 0.0 as Schedule Values
   ** Warning ** ProcessScheduleInput: Schedule:Compact = SCH_LIGHTS
   **   ~~~   ** has missing day types in Through=5/31
   **   ~~~   ** Last "For" field=FOR: MONDAY TUESDAY WEDNESDAY FRIDAY
   **   ~~~   ** Missing day types= "SummerDesignDay", "WinterDesignDay", "CustomDay1", "CustomDay2"
   **   ~~~   ** Missing day types will have 0.0 as Schedule Values
   ** Warning ** ProcessScheduleInput: Schedule:Compact = SCH_LIGHTS
   **   ~~~   ** has missing day types in Through=12/31
   **   ~~~   ** Last "For" field=FOR: MONDAY TUESDAY WEDNESDAY FRIDAY
   **   ~~~   ** Missing day types= "SummerDesignDay", "WinterDesignDay", "CustomDay1", "CustomDay2"
   **   ~~~   ** Missing day types will have 0.0 as Schedule Values
   ** Warning ** ProcessScheduleInput: Schedule:Compact = SCH_LIGHTS_GYM
   **   ~~~   ** has missing day types in Through=5/31
   **   ~~~   ** Last "For" field=FOR: MONDAY TUESDAY WEDNESDAY FRIDAY
   **   ~~~   ** Missing day types= "SummerDesignDay", "WinterDesignDay", "CustomDay1", "CustomDay2"
   **   ~~~   ** Missing day types will have 0.0 as Schedule Values
   ** Warning ** ProcessScheduleInput: Schedule:Compact = SCH_LIGHTS_GYM
   **   ~~~   ** has missing day types in Through=12/31
   **   ~~~   ** Last "For" field=FOR: MONDAY TUESDAY WEDNESDAY FRIDAY
   **   ~~~   ** Missing day types= "SummerDesignDay", "WinterDesignDay", "CustomDay1", "CustomDay2"
   **   ~~~   ** Missing day types will have 0.0 as Schedule Values
   ** Warning ** ProcessScheduleInput: Schedule:Compact = SCH_EQUIP
   **   ~~~   ** has missing day types in Through=5/31
   **   ~~~   ** Last "For" field=FOR: MONDAY TUESDAY WEDNESDAY FRIDAY
   **   ~~~   ** Missing day types= "SummerDesignDay", "WinterDesignDay", "CustomDay1", "CustomDay2"
   **   ~~~   ** Missing day types will have 0.0 as Schedule Values
   ** Warning ** ProcessScheduleInput: Schedule:Compact = SCH_EQUIP
   **   ~~~   ** has missing day types in Through=12/31
   **   ~~~   ** Last "For" field=FOR: MONDAY TUESDAY WEDNESDAY FRIDAY
   **   ~~~   ** Missing day types= "SummerDesignDay", "WinterDesignDay", "CustomDay1", "CustomDay2"
   **   ~~~   ** Missing day types will have 0.0 as Schedule Values
   ** Warning ** ProcessScheduleInput: Schedule:Compact = SCH_KITCHEN
   **   ~~~   ** has missing day types in Through=5/31
   **   ~~~   ** Last "For" field=FOR: MONDAY TUESDAY WEDNESDAY FRIDAY
   **   ~~~   ** Missing day types= "SummerDesignDay", "WinterDesignDay", "CustomDay1", "CustomDay2"
   **   ~~~   ** Missing day types will have 0.0 as Schedule Values
   ** Warning ** ProcessScheduleInput: Schedule:Compact = SCH_KITCHEN
   **   ~~~   ** has missing day types in Through=12/31
   **   ~~~   ** Last "For" field=FOR: MONDAY TUESDAY WEDNESDAY FRIDAY
   **   ~~~   ** Missing day types= "SummerDesignDay", "WinterDesignDay", "CustomDay1", "CustomDay2"
   **   ~~~   ** Missing day types will have 0.0 as Schedule Values
   ************* Beginning Zone Sizing Calculations
   ** Warning ** RunPeriod: object=DSM_2026-01-25_2026-01-26, start weekday (THURSDAY) does not match the start year (2026), corrected to SUNDAY.
   ** Warning ** Site:GroundTemperature:BuildingSurface: Some values fall outside the range of 15-25C.
   **   ~~~   ** These values may be inappropriate.  Please consult the Input Output Reference for more details.
   ** Warning ** COIL:HEATING:WATERTOAIRHEATPUMP:EQUATIONFIT 1F_LIBRARY_IMC WAHP HEATING COIL
   **   ~~~   ** ...used with COIL:1:WATERTOAIRHEATPUMP:EQUATIONFIT 1F_LIBRARY_IMC WAHP COOLING COIL
   **   ~~~   ** ...heating capacity is disproportionate (> 20% different) to total cooling capacity
   **   ~~~   ** ...heating capacity = 149430.000 W
   **   ~~~   ** ...cooling capacity = 23401.143 W
   ** Warning ** COIL:HEATING:WATERTOAIRHEATPUMP:EQUATIONFIT 1F_CAFE_KITCHEN WAHP HEATING COIL
   **   ~~~   ** ...used with COIL:1:WATERTOAIRHEATPUMP:EQUATIONFIT 1F_CAFE_KITCHEN WAHP COOLING COIL
   **   ~~~   ** ...heating capacity is disproportionate (> 20% different) to total cooling capacity
   **   ~~~   ** ...heating capacity = 149430.000 W
   **   ~~~   ** ...cooling capacity = 36966.928 W
   ** Warning ** COIL:HEATING:WATERTOAIRHEATPUMP:EQUATIONFIT 1F_GYM WAHP HEATING COIL
   **   ~~~   ** ...used with COIL:1:WATERTOAIRHEATPUMP:EQUATIONFIT 1F_GYM WAHP COOLING COIL
   **   ~~~   ** ...heating capacity is disproportionate (> 20% different) to total cooling capacity
   **   ~~~   ** ...heating capacity = 149430.000 W
   **   ~~~   ** ...cooling capacity = 51783.065 W
   ** Warning ** COIL:HEATING:WATERTOAIRHEATPUMP:EQUATIONFIT 1F_AREA_A WAHP HEATING COIL
   **   ~~~   ** ...used with COIL:1:WATERTOAIRHEATPUMP:EQUATIONFIT 1F_AREA_A WAHP COOLING COIL
   **   ~~~   ** ...heating capacity is disproportionate (> 20% different) to total cooling capacity
   **   ~~~   ** ...heating capacity = 149430.000 W
   **   ~~~   ** ...cooling capacity = 52533.030 W
   ** Warning ** COIL:HEATING:WATERTOAIRHEATPUMP:EQUATIONFIT 1F_AREA_B WAHP HEATING COIL
   **   ~~~   ** ...used with COIL:1:WATERTOAIRHEATPUMP:EQUATIONFIT 1F_AREA_B WAHP COOLING COIL
   **   ~~~   ** ...heating capacity is disproportionate (> 20% different) to total cooling capacity
   **   ~~~   ** ...heating capacity = 149430.000 W
   **   ~~~   ** ...cooling capacity = 37404.258 W
   ** Warning ** COIL:HEATING:WATERTOAIRHEATPUMP:EQUATIONFIT 1F_AREA_C WAHP HEATING COIL
   **   ~~~   ** ...used with COIL:1:WATERTOAIRHEATPUMP:EQUATIONFIT 1F_AREA_C WAHP COOLING COIL
   **   ~~~   ** ...heating capacity is disproportionate (> 20% different) to total cooling capacity
   **   ~~~   ** ...heating capacity = 149430.000 W
   **   ~~~   ** ...cooling capacity = 40483.854 W
   ** Warning ** COIL:HEATING:WATERTOAIRHEATPUMP:EQUATIONFIT 1F_AREA_D WAHP HEATING COIL
   **   ~~~   ** ...used with COIL:1:WATERTOAIRHEATPUMP:EQUATIONFIT 1F_AREA_D WAHP COOLING COIL
   **   ~~~   ** ...heating capacity is disproportionate (> 20% different) to total cooling capacity
   **   ~~~   ** ...heating capacity = 149430.000 W
   **   ~~~   ** ...cooling capacity = 37391.377 W
   ** Warning ** COIL:HEATING:WATERTOAIRHEATPUMP:EQUATIONFIT 2F_AREA_A WAHP HEATING COIL
   **   ~~~   ** ...used with COIL:1:WATERTOAIRHEATPUMP:EQUATIONFIT 2F_AREA_A WAHP COOLING COIL
   **   ~~~   ** ...heating capacity is disproportionate (> 20% different) to total cooling capacity
   **   ~~~   ** ...heating capacity = 149430.000 W
   **   ~~~   ** ...cooling capacity = 79806.833 W
   ** Warning ** COIL:HEATING:WATERTOAIRHEATPUMP:EQUATIONFIT 2F_AREA_B WAHP HEATING COIL
   **   ~~~   ** ...used with COIL:1:WATERTOAIRHEATPUMP:EQUATIONFIT 2F_AREA_B WAHP COOLING COIL
   **   ~~~   ** ...heating capacity is disproportionate (> 20% different) to total cooling capacity
   **   ~~~   ** ...heating capacity = 149430.000 W
   **   ~~~   ** ...cooling capacity = 73430.552 W
   ** Warning ** Output:Meter: invalid Key Name="DISTRICTHEATINGWATER:FACILITY" - not found.
   ** Warning ** Output:Meter: invalid Key Name="DISTRICTCOOLING:FACILITY" - not found.
   ** Warning ** Output:Meter: invalid Key Name="DISTRICTHEATINGWATER:FACILITY" - not found.
   ** Warning ** Output:Meter: invalid Key Name="DISTRICTCOOLING:FACILITY" - not found.
   ** Warning ** Output:Meter: invalid Key Name="DISTRICTHEATINGWATER:FACILITY" - not found.
   ** Warning ** Output:Meter: invalid Key Name="DISTRICTCOOLING:FACILITY" - not found.
   ************* Testing Individual Branch Integrity
   ************* All Branches passed integrity testing
   ************* Testing Individual Supply Air Path Integrity
   ************* All Supply Air Paths passed integrity testing
   ************* Testing Individual Return Air Path Integrity
   ************* All Return Air Paths passed integrity testing
   ************* No node connection errors were found.
   ************* Beginning Simulation
   ************* Simulation Error Summary *************
   ** Warning ** The following Report Variables were requested but not generated -- check.rdd file
   **   ~~~   ** Either the IDF did not contain these elements, the variable name is misspelled,
   **   ~~~   ** or the requested variable is an advanced output which requires Output : Diagnostics, DisplayAdvancedReportVariables;
   ************* Key=*, VarName=ZONE IDEAL LOADS SUPPLY AIR SENSIBLE HEATING ENERGY, Frequency=Monthly
   ************* Key=*, VarName=ZONE IDEAL LOADS SUPPLY AIR SENSIBLE COOLING ENERGY, Frequency=Monthly
   ************* Key=*, VarName=ZONE IDEAL LOADS SUPPLY AIR SENSIBLE HEATING ENERGY, Frequency=TimeStep
   ************* Key=*, VarName=ZONE IDEAL LOADS SUPPLY AIR SENSIBLE COOLING ENERGY, Frequency=TimeStep
   ************* There are 7 unused schedules in input.
   ************* Use Output:Diagnostics,DisplayUnusedSchedules; to see them.
   *************
   ************* ===== Recurring Error Summary =====
   ************* The following recurring error messages occurred.
   *************
   *************  ** Warning ** Actual air mass flow rate is smaller than 25% of water-to-air heat pump coil rated air flow rate.
   *************  **   ~~~   **   This error occurred 17760 total times;
   *************  **   ~~~   **   during Warmup 10470 times;
   *************  **   ~~~   **   during Sizing 0 times.
   *************  **   ~~~   **   Max=1.056285  Min=0.016997
   *************
   ************* EnergyPlus Warmup Error Summary. During Warmup: 0 Warning; 0 Severe Errors.
   ************* EnergyPlus Sizing Error Summary. During Sizing: 2 Warning; 0 Severe Errors.
   ************* EnergyPlus Completed Successfully-- 17793 Warning; 0 Severe Errors; Elapsed Time=00hr 00min  0.87sec
